Running: /opt/Xilinx/14.7/ISE_DS/ISE/bin/lin64/unwrapped/fuse -intstyle ise -incremental -lib secureip -o /home/ise/Full_adder/full_adder_tb_isim_beh.exe -prj /home/ise/Full_adder/full_adder_tb_beh.prj work.full_adder_tb 
ISim P.20131013 (signature 0xfbc00daa)
Number of CPUs detected in this system: 1
Turning on mult-threading, number of parallel sub-compilation jobs: 0 
Determining compilation order of HDL files
Parsing VHDL file "/home/ise/Full_adder/XOR_gate.vhd" into library work
Parsing VHDL file "/home/ise/Full_adder/OR_gate.vhd" into library work
Parsing VHDL file "/home/ise/Full_adder/AND_gate.vhd" into library work
Parsing VHDL file "/home/ise/Full_adder/full_adder_1bit.vhd" into library work
Parsing VHDL file "/home/ise/Full_adder/full_adder_1bit_tb.vhd" into library work
Starting static elaboration
Completed static elaboration
Fuse Memory Usage: 95312 KB
Fuse CPU Usage: 1440 ms
Compiling package standard
Compiling package std_logic_1164
Compiling architecture behavioral of entity xor_gate [xor_gate_default]
Compiling architecture behavioral of entity and_gate [and_gate_default]
Compiling architecture behavioral of entity or_gate [or_gate_default]
Compiling architecture structural of entity full_adder [full_adder_default]
Compiling architecture behavioral of entity full_adder_tb
Time Resolution for simulation is 1ps.
Compiled 11 VHDL Units
Built simulation executable /home/ise/Full_adder/full_adder_tb_isim_beh.exe
Fuse Memory Usage: 104004 KB
Fuse CPU Usage: 1480 ms
GCC CPU Usage: 270 ms
